VALGRIND
simples:
	valgrind ./pipex in "grep hello" cat out - check
./*.sh:
	valgrind ./pipex in ./s.sh "wc -c" out - check
	valgrind ./pipex in cat ./s.sh out - check
	(sript non existente):
		valgrind ./pipex in cat ./kjhdkajh.sh out - check
		valgrind ./pipex in ./hfsk.sh cat out -check
single quotes:
	valgrind ./pipex in "grep hello" "awk '{count++} END {print count}'" out - check
error:
	no permissions - check
no folder:
	valgrind ./pipex no/in "grep hello" "awk '{count++} END {print count}'" out - check
	valgrind ./pipex in grep\ hello awk\ '{count++}\ END\ {print\ count}' no/out - check
invalid option:
	valgrind ./pipex in "ls -j" "awk '{count++} END {print count}'" out - check
	valgrind ./pipex in "ls -l" "wc -j" out - check
erro duplo:
	valgrind ./pipex in "ls -l" "wc -j" no/out - check
	valgrind ./pipex in "ls -j" "wc -j" no/out - check
	valgrind ./pipex no/in "ls -j" "wc -j" no/out - check
norminette - check
exit code -

BONUS + valgrind
./bonus in cat "grep hello" "awk '{print $2}'" "wc -c" "cut -c2" out; 2
valgrind ./bonus here_doc END cat "grep hello" "grep rita" "grep salt" "grep 1" "grep pipex" out

HERE_DOC
valgrind ./bonus here_doc END cat "gjsgdjka" "grep rita" "grep salt" "grep 1" "grep pipex" out; pipex: Command not found: gjsgdjka
valgrind ./bonus here_doc END JGG "gjsgdjka" "grep rita" "grep salt" "grep 1" "grep pipex" out; pipex: Command not found: JGG
valgrind ./bonus here_doc END cat "grep hello" "dhksajhd" "grep salt" "grep 1" "grep pipex" out; pipex: Command not found: dhksajhd
valgrind ./bonus here_doc END cat "grep hello" "grep rita" "kjdhaksjdh" "grep 1" "grep pipex" out
valgrind ./bonus here_doc END "wc -k" "grep hello" "grep rita" "grep salt" "grep 1" "klfksjdfhksj" out
fiz igual sem here_doc

outros caminhos, dev random ->resolvido

Passar norminette
Passar pipex tester

